// Jest Snapshot v1, https://goo.gl/fbAQLP

exports[`Test in TodoApp component should be render correctly 1`] = `
<div>
  <h1>
    TodoApp 
    <small>
      (
      0
      )
    </small>
     
  </h1>
  <hr />
  <div
    className="row"
  >
    <div
      className="col-7"
    >
      <TodoList
        handleDeleteTodo={[Function]}
        handleToggle={[Function]}
        todos={Array []}
      />
    </div>
    <div
      className="col-5"
    >
      <TodoAdd
        handleAddTodo={[Function]}
      />
    </div>
  </div>
</div>
`;
