// Jest Snapshot v1, https://goo.gl/fbAQLP

exports[`Test in RealExampleRef component should be render correctly 1`] = `
<div>
  <h1>
    Real Example Ref
  </h1>
  <hr />
  <button
    className="btn tbn-primary"
    onClick={[Function]}
  >
    show/hide
  </button>
</div>
`;
