// Jest Snapshot v1, https://goo.gl/fbAQLP

exports[`Test in HomeScreen component should be render correctly 1`] = `
<div>
  <h1>
    HomeScreen
  </h1>
  <hr />
  <pre>
    {
   "name": "Sebasti√°n Silva",
   "email": "sebasilvac88@gmail.com"
}
  </pre>
</div>
`;
